../../Middlewares/ST/touchgfx/framework/include/touchgfx/Screen.hpp:104:18:virtual void touchgfx::Screen::afterTransition()	0	static
../../Middlewares/ST/touchgfx/framework/include/touchgfx/Screen.hpp:154:18:virtual void touchgfx::Screen::handleKeyEvent(uint8_t)	0	static
C:/Users/evanh/Downloads/MyApplicationwww/MyApplicationwww/TouchGFX/gui/src/main_screen/mainView.cpp:22:6:virtual void mainView::tearDownScreen()	0	static
../../TouchGFX/gui/include/gui/main_screen/mainView.hpp:10:13:mainView::~mainView()	8	static
../../TouchGFX/gui/include/gui/main_screen/mainView.hpp:10:13:virtual mainView::~mainView()	8	static
C:/Users/evanh/Downloads/MyApplicationwww/MyApplicationwww/TouchGFX/gui/src/main_screen/mainView.cpp:5:1:mainView::mainView()	8	static
C:/Users/evanh/Downloads/MyApplicationwww/MyApplicationwww/TouchGFX/gui/src/main_screen/mainView.cpp:74:1:cpp)	8	static
C:/Users/evanh/Downloads/MyApplicationwww/MyApplicationwww/TouchGFX/gui/src/main_screen/mainView.cpp:10:6:virtual void mainView::setupScreen()	8	static
C:/Users/evanh/Downloads/MyApplicationwww/MyApplicationwww/TouchGFX/gui/src/main_screen/mainView.cpp:27:6:virtual void mainView::buttonUpClicked()	8	static
C:/Users/evanh/Downloads/MyApplicationwww/MyApplicationwww/TouchGFX/gui/src/main_screen/mainView.cpp:38:6:virtual void mainView::buttonDownClicked()	8	static
C:/Users/evanh/Downloads/MyApplicationwww/MyApplicationwww/TouchGFX/gui/src/main_screen/mainView.cpp:49:6:virtual void mainView::updateLockState()	16	static
